// Vitest Snapshot v1, https://vitest.dev/guide/snapshot.html

exports[`theming > should not allow the theme to be a non-object 1`] = `[Error: ThemeProvider: Please make your "theme" prop an object.]`;

exports[`theming > should not allow the theme to be an array 1`] = `[Error: ThemeProvider: Please make your "theme" prop an object.]`;

exports[`theming > should not allow the theme to be null 1`] = `[Error: ThemeProvider: "theme" prop is required.]`;
