// Vitest Snapshot v1, https://vitest.dev/guide/snapshot.html

exports[`ThemeProvider > should render its child 1`] = `
<div>
  <p>
    Child!
  </p>
</div>
`;
